------------------------------------------------------------
TimeQuest Timing Analyzer Summary
------------------------------------------------------------

Type  : Slow 1100mV 85C Model Setup 'KEY[0]'
Slack : -0.213
TNS   : -0.515

Type  : Slow 1100mV 85C Model Hold 'KEY[0]'
Slack : 0.235
TNS   : 0.000

Type  : Slow 1100mV 85C Model Minimum Pulse Width 'KEY[0]'
Slack : -0.394
TNS   : -3.667

Type  : Slow 1100mV 0C Model Setup 'KEY[0]'
Slack : -0.251
TNS   : -0.533

Type  : Slow 1100mV 0C Model Hold 'KEY[0]'
Slack : 0.217
TNS   : 0.000

Type  : Slow 1100mV 0C Model Minimum Pulse Width 'KEY[0]'
Slack : -0.394
TNS   : -3.981

Type  : Fast 1100mV 85C Model Setup 'KEY[0]'
Slack : 0.312
TNS   : 0.000

Type  : Fast 1100mV 85C Model Hold 'KEY[0]'
Slack : 0.140
TNS   : 0.000

Type  : Fast 1100mV 85C Model Minimum Pulse Width 'KEY[0]'
Slack : -0.078
TNS   : -0.538

Type  : Fast 1100mV 0C Model Setup 'KEY[0]'
Slack : 0.331
TNS   : 0.000

Type  : Fast 1100mV 0C Model Hold 'KEY[0]'
Slack : 0.127
TNS   : 0.000

Type  : Fast 1100mV 0C Model Minimum Pulse Width 'KEY[0]'
Slack : -0.078
TNS   : -0.542

------------------------------------------------------------
