------------------------------------------------------------
TimeQuest Timing Analyzer Summary
------------------------------------------------------------

Type  : Slow 1100mV 85C Model Setup 'CLOCK_50'
Slack : -3.163
TNS   : -205.613

Type  : Slow 1100mV 85C Model Hold 'CLOCK_50'
Slack : 0.363
TNS   : 0.000

Type  : Slow 1100mV 85C Model Minimum Pulse Width 'CLOCK_50'
Slack : -0.394
TNS   : -47.032

Type  : Slow 1100mV 0C Model Setup 'CLOCK_50'
Slack : -3.125
TNS   : -202.831

Type  : Slow 1100mV 0C Model Hold 'CLOCK_50'
Slack : 0.365
TNS   : 0.000

Type  : Slow 1100mV 0C Model Minimum Pulse Width 'CLOCK_50'
Slack : -0.394
TNS   : -50.324

Type  : Fast 1100mV 85C Model Setup 'CLOCK_50'
Slack : -1.354
TNS   : -79.020

Type  : Fast 1100mV 85C Model Hold 'CLOCK_50'
Slack : 0.186
TNS   : 0.000

Type  : Fast 1100mV 85C Model Minimum Pulse Width 'CLOCK_50'
Slack : -0.082
TNS   : -6.987

Type  : Fast 1100mV 0C Model Setup 'CLOCK_50'
Slack : -1.168
TNS   : -66.842

Type  : Fast 1100mV 0C Model Hold 'CLOCK_50'
Slack : 0.182
TNS   : 0.000

Type  : Fast 1100mV 0C Model Minimum Pulse Width 'CLOCK_50'
Slack : -0.080
TNS   : -6.915

------------------------------------------------------------
