------------------------------------------------------------
Timing Analyzer Summary
------------------------------------------------------------

Type  : Slow 1100mV 85C Model Setup 'KEY[0]'
Slack : -3.921
TNS   : -29.784

Type  : Slow 1100mV 85C Model Hold 'KEY[0]'
Slack : 0.819
TNS   : 0.000

Type  : Slow 1100mV 85C Model Minimum Pulse Width 'KEY[0]'
Slack : -2.225
TNS   : -11.698

Type  : Slow 1100mV 0C Model Setup 'KEY[0]'
Slack : -4.072
TNS   : -30.306

Type  : Slow 1100mV 0C Model Hold 'KEY[0]'
Slack : 0.692
TNS   : 0.000

Type  : Slow 1100mV 0C Model Minimum Pulse Width 'KEY[0]'
Slack : -2.225
TNS   : -11.482

Type  : Fast 1100mV 85C Model Setup 'KEY[0]'
Slack : -1.708
TNS   : -13.228

Type  : Fast 1100mV 85C Model Hold 'KEY[0]'
Slack : 0.450
TNS   : 0.000

Type  : Fast 1100mV 85C Model Minimum Pulse Width 'KEY[0]'
Slack : -1.702
TNS   : -8.401

Type  : Fast 1100mV 0C Model Setup 'KEY[0]'
Slack : -1.631
TNS   : -12.256

Type  : Fast 1100mV 0C Model Hold 'KEY[0]'
Slack : 0.356
TNS   : 0.000

Type  : Fast 1100mV 0C Model Minimum Pulse Width 'KEY[0]'
Slack : -1.702
TNS   : -8.258

------------------------------------------------------------
